** Drc report for Power_Brick.kicad_pcb **
** Created on 2025-12-15T16:26:56-0700 **

** Found 12 DRC violations **
[padstack]: Padstack is questionable (negative solder paste margin is larger than pad; no solder paste mask will be generated)
    Local override; warning
    @(239.9500 mm, 99.1562 mm): PTH pad 1 [GND] of J4
[padstack]: Padstack is questionable (negative solder paste margin is larger than pad; no solder paste mask will be generated)
    Local override; warning
    @(185.0500 mm, 107.0563 mm): PTH pad 1 [VBUS] of J3
[padstack]: Padstack is questionable (negative solder paste margin is larger than pad; no solder paste mask will be generated)
    Local override; warning
    @(223.2800 mm, 99.4500 mm): PTH pad 1 [/MB2] of J5
[padstack]: Padstack is questionable (negative solder paste margin is larger than pad; no solder paste mask will be generated)
    Local override; warning
    @(213.7800 mm, 99.3000 mm): PTH pad 2 [/MB1] of J5
[padstack]: Padstack is questionable (negative solder paste margin is larger than pad; no solder paste mask will be generated)
    Local override; warning
    @(204.3300 mm, 99.3000 mm): PTH pad 3 [/MA2] of J5
[padstack]: Padstack is questionable (negative solder paste margin is larger than pad; no solder paste mask will be generated)
    Local override; warning
    @(194.7800 mm, 99.2250 mm): PTH pad 4 [/MA1] of J5
[clearance]: Clearance violation (netclass 'Default' clearance 0.2000 mm; actual 0.1778 mm)
    Rule: netclass 'Default'; error (excluded)
    @(204.6375 mm, 149.7748 mm): Pad 1 [/R0P_T1] of JP1 on F.Cu
    @(204.6375 mm, 150.5876 mm): Pad 2 [/R0N_T1] of JP1 on F.Cu
[clearance]: Clearance violation (netclass 'Default' clearance 0.2000 mm; actual 0.1778 mm)
    Rule: netclass 'Default'; error (excluded)
    @(187.3875 mm, 150.5876 mm): Pad 1 [/R1P_T1] of JP2 on F.Cu
    @(187.3875 mm, 149.7748 mm): Pad 2 [/R1N_T1] of JP2 on F.Cu
[clearance]: Clearance violation (netclass 'Default' clearance 0.2000 mm; actual 0.1778 mm)
    Rule: netclass 'Default'; error (excluded)
    @(239.8025 mm, 149.7773 mm): Pad 1 [/R0P_T2] of JP4 on F.Cu
    @(239.8025 mm, 150.5901 mm): Pad 2 [/R0N_T2] of JP4 on F.Cu
[clearance]: Clearance violation (netclass 'Default' clearance 0.2000 mm; actual 0.1778 mm)
    Rule: netclass 'Default'; error (excluded)
    @(222.3204 mm, 150.5401 mm): Pad 1 [/R1P_T2] of JP5 on F.Cu
    @(222.3204 mm, 149.7273 mm): Pad 2 [/R1N_T2] of JP5 on F.Cu
[clearance]: Clearance violation (netclass 'Default' clearance 0.2000 mm; actual 0.1778 mm)
    Rule: netclass 'Default'; error (excluded)
    @(187.3875 mm, 148.1813 mm): Pad 1 [/R1N_T1] of JP3 on F.Cu
    @(187.3875 mm, 147.3684 mm): Pad 2 [GNDA] of JP3 on F.Cu
[clearance]: Clearance violation (netclass 'Default' clearance 0.2000 mm; actual 0.1778 mm)
    Rule: netclass 'Default'; error (excluded)
    @(222.3204 mm, 148.0401 mm): Pad 1 [/R1N_T2] of JP6 on F.Cu
    @(222.3204 mm, 147.2273 mm): Pad 2 [GNDA] of JP6 on F.Cu

** Found 1 unconnected pads **
[unconnected_items]: Missing connection between items
    Local override; error
    @(247.0000 mm, 146.6062 mm): Zone [GNDA] on B.Cu, priority 11
    @(223.5000 mm, 148.6062 mm): Zone [GNDA] on F.Cu, priority 13

** Found 7 Footprint errors **
[footprint_symbol_mismatch]: Power_Brick:CAP_PAN_EEE_H13_PAN doesn't match footprint given by symbol (CAP_PAN_EEE_H13_PAN).
    Local override; warning
    @(186.2500 mm, 118.1063 mm): Footprint C6
[footprint_symbol_mismatch]: Power_Brick:CAP_PAN_EEE_H13_PAN doesn't match footprint given by symbol (CAP_PAN_EEE_H13_PAN).
    Local override; warning
    @(186.2500 mm, 132.6062 mm): Footprint C7
[footprint_symbol_mismatch]: Power_Brick:CAP_PAN_EEE_H13_PAN doesn't match footprint given by symbol (CAP_PAN_EEE_H13_PAN).
    Local override; warning
    @(238.7500 mm, 118.1063 mm): Footprint C9
[footprint_symbol_mismatch]: Power_Brick:CAP_PAN_EEE_H13_PAN doesn't match footprint given by symbol (CAP_PAN_EEE_H13_PAN).
    Local override; warning
    @(238.7500 mm, 132.6062 mm): Footprint C10
[footprint_symbol_mismatch]: Power_Brick:RES_PA2512_YAG doesn't match footprint given by symbol (RES_PA2512_YAG).
    Local override; warning
    @(197.7378 mm, 118.6001 mm): Footprint R4
[footprint_symbol_mismatch]: Power_Brick:RES_PA2512_YAG doesn't match footprint given by symbol (RES_PA2512_YAG).
    Local override; warning
    @(227.2500 mm, 118.6001 mm): Footprint R9
[footprint_symbol_mismatch]: Power_Brick:DCP0038A_N doesn't match footprint given by symbol (DCP0038A_N).
    Local override; warning
    @(212.5000 mm, 122.6063 mm): Footprint U1

** End of Report **
